// Jest Snapshot v1, https://goo.gl/fbAQLP

exports[`CustomAppBar renders correctly 1`] = `
<header
  className="MuiPaper-root MuiAppBar-root MuiAppBar-positionStatic MuiAppBar-colorPrimary MuiPaper-elevation4"
>
  <div
    className="MuiToolbar-root MuiToolbar-regular MuiToolbar-gutters"
  >
    <button
      className="MuiButtonBase-root MuiButton-root MuiButton-text MuiButton-colorInherit"
      disabled={false}
      onBlur={[Function]}
      onDragLeave={[Function]}
      onFocus={[Function]}
      onKeyDown={[Function]}
      onKeyUp={[Function]}
      onMouseDown={[Function]}
      onMouseLeave={[Function]}
      onMouseUp={[Function]}
      onTouchEnd={[Function]}
      onTouchMove={[Function]}
      onTouchStart={[Function]}
      tabIndex={0}
      type="button"
    >
      <span
        className="MuiButton-label"
      >
        <a
          className="MuiTypography-root MuiLink-root MuiLink-underlineHover MuiTypography-colorInherit"
          onBlur={[Function]}
          onClick={[Function]}
          onFocus={[Function]}
          style={
            Object {
              "cursor": "pointer",
            }
          }
        >
          <h6
            className="MuiTypography-root MuiTypography-h6 MuiTypography-colorInherit"
          >
            Room
          </h6>
        </a>
      </span>
    </button>
    <button
      className="MuiButtonBase-root MuiButton-root MuiButton-text MuiButton-colorInherit"
      disabled={false}
      onBlur={[Function]}
      onDragLeave={[Function]}
      onFocus={[Function]}
      onKeyDown={[Function]}
      onKeyUp={[Function]}
      onMouseDown={[Function]}
      onMouseLeave={[Function]}
      onMouseUp={[Function]}
      onTouchEnd={[Function]}
      onTouchMove={[Function]}
      onTouchStart={[Function]}
      tabIndex={0}
      type="button"
    >
      <span
        className="MuiButton-label"
      >
        <a
          className="MuiTypography-root MuiLink-root MuiLink-underlineHover MuiTypography-colorInherit"
          onBlur={[Function]}
          onClick={[Function]}
          onFocus={[Function]}
          style={
            Object {
              "cursor": "pointer",
            }
          }
        >
          <h6
            className="MuiTypography-root MuiTypography-h6 MuiTypography-colorInherit"
          >
            Calendar
          </h6>
        </a>
      </span>
    </button>
    <button
      className="MuiButtonBase-root MuiButton-root MuiButton-text MuiButton-colorInherit"
      disabled={false}
      onBlur={[Function]}
      onDragLeave={[Function]}
      onFocus={[Function]}
      onKeyDown={[Function]}
      onKeyUp={[Function]}
      onMouseDown={[Function]}
      onMouseLeave={[Function]}
      onMouseUp={[Function]}
      onTouchEnd={[Function]}
      onTouchMove={[Function]}
      onTouchStart={[Function]}
      tabIndex={0}
      type="button"
    >
      <span
        className="MuiButton-label"
      >
        <a
          className="MuiTypography-root MuiLink-root MuiLink-underlineHover MuiTypography-colorInherit"
          onBlur={[Function]}
          onClick={[Function]}
          onFocus={[Function]}
          style={
            Object {
              "cursor": "pointer",
            }
          }
        >
          <h6
            className="MuiTypography-root MuiTypography-h6 MuiTypography-colorInherit"
          >
            Expenses
          </h6>
        </a>
      </span>
    </button>
    <button
      className="MuiButtonBase-root MuiButton-root MuiButton-text MuiButton-colorInherit"
      disabled={false}
      onBlur={[Function]}
      onDragLeave={[Function]}
      onFocus={[Function]}
      onKeyDown={[Function]}
      onKeyUp={[Function]}
      onMouseDown={[Function]}
      onMouseLeave={[Function]}
      onMouseUp={[Function]}
      onTouchEnd={[Function]}
      onTouchMove={[Function]}
      onTouchStart={[Function]}
      tabIndex={0}
      type="button"
    >
      <span
        className="MuiButton-label"
      >
        <a
          className="MuiTypography-root MuiLink-root MuiLink-underlineHover MuiTypography-colorInherit"
          onBlur={[Function]}
          onClick={[Function]}
          onFocus={[Function]}
          style={
            Object {
              "cursor": "pointer",
            }
          }
        >
          <h6
            className="MuiTypography-root MuiTypography-h6 MuiTypography-colorInherit"
          >
            Grocery
          </h6>
        </a>
      </span>
    </button>
    <button
      className="MuiButtonBase-root MuiButton-root MuiButton-text MuiButton-colorInherit"
      disabled={false}
      onBlur={[Function]}
      onDragLeave={[Function]}
      onFocus={[Function]}
      onKeyDown={[Function]}
      onKeyUp={[Function]}
      onMouseDown={[Function]}
      onMouseLeave={[Function]}
      onMouseUp={[Function]}
      onTouchEnd={[Function]}
      onTouchMove={[Function]}
      onTouchStart={[Function]}
      tabIndex={0}
      type="button"
    >
      <span
        className="MuiButton-label"
      >
        <a
          className="MuiTypography-root MuiLink-root MuiLink-underlineHover MuiTypography-colorInherit"
          onBlur={[Function]}
          onClick={[Function]}
          onFocus={[Function]}
          style={
            Object {
              "cursor": "pointer",
            }
          }
        >
          <h6
            className="MuiTypography-root MuiTypography-h6 MuiTypography-colorInherit"
          >
            Settings
          </h6>
        </a>
      </span>
    </button>
  </div>
</header>
`;
