// Jest Snapshot v1, https://goo.gl/fbAQLP

exports[`SignUp renders correctly 1`] = `
<div
  className="SignUp-root-1"
>
  <div
    className="MuiPaper-root SignUp-paper-4 MuiPaper-elevation1 MuiPaper-rounded"
  >
    <div
      className="MuiBox-root MuiBox-root-6"
    >
      <div
        className="MuiGrid-root SignUp-mainMessageContainer-3 MuiGrid-container MuiGrid-direction-xs-column MuiGrid-align-items-xs-flex-start"
        style={
          Object {
            "minHeight": "100vh",
          }
        }
      >
        <div
          className="MuiGrid-root MuiGrid-item"
        >
          <div
            className="MuiContainer-root MuiContainer-maxWidthXs"
          >
            <form
              noValidate={true}
              onSubmit={[Function]}
            >
              <h4
                className="MuiTypography-root MuiTypography-h4 MuiTypography-colorPrimary"
              >
                Create an Account
              </h4>
              <div
                className="MuiFormControl-root MuiTextField-root MuiFormControl-marginNormal MuiFormControl-fullWidth"
              >
                <label
                  className="MuiFormLabel-root MuiInputLabel-root MuiInputLabel-formControl MuiInputLabel-animated MuiInputLabel-shrink MuiInputLabel-outlined Mui-required Mui-required"
                  data-shrink={true}
                  htmlFor="email"
                  id="email-label"
                >
                  Email Address
                  <span
                    aria-hidden={true}
                    className="MuiFormLabel-asterisk MuiInputLabel-asterisk"
                  >
                     
                    *
                  </span>
                </label>
                <div
                  className="MuiInputBase-root MuiOutlinedInput-root MuiInputBase-fullWidth MuiInputBase-formControl"
                  onClick={[Function]}
                >
                  <input
                    aria-invalid={false}
                    autoComplete="email"
                    autoFocus={true}
                    className="MuiInputBase-input MuiOutlinedInput-input"
                    disabled={false}
                    id="email"
                    maxLength={50}
                    name="email"
                    onAnimationStart={[Function]}
                    onBlur={[Function]}
                    onChange={[Function]}
                    onFocus={[Function]}
                    required={true}
                    type="text"
                    value=""
                  />
                  <fieldset
                    aria-hidden={true}
                    className="PrivateNotchedOutline-root-7 MuiOutlinedInput-notchedOutline"
                  >
                    <legend
                      className="PrivateNotchedOutline-legendLabelled-9 PrivateNotchedOutline-legendNotched-10"
                    >
                      <span>
                        Email Address
                         *
                      </span>
                    </legend>
                  </fieldset>
                </div>
                
              </div>
              <div
                className="MuiFormControl-root MuiTextField-root MuiFormControl-marginNormal MuiFormControl-fullWidth"
              >
                <label
                  className="MuiFormLabel-root MuiInputLabel-root MuiInputLabel-formControl MuiInputLabel-animated MuiInputLabel-shrink MuiInputLabel-outlined Mui-required Mui-required"
                  data-shrink={true}
                  htmlFor="password"
                  id="password-label"
                >
                  Create Password
                  <span
                    aria-hidden={true}
                    className="MuiFormLabel-asterisk MuiInputLabel-asterisk"
                  >
                     
                    *
                  </span>
                </label>
                <div
                  className="MuiInputBase-root MuiOutlinedInput-root MuiInputBase-fullWidth MuiInputBase-formControl"
                  onClick={[Function]}
                >
                  <input
                    aria-invalid={false}
                    autoComplete="current-password"
                    autoFocus={false}
                    className="MuiInputBase-input MuiOutlinedInput-input"
                    disabled={false}
                    id="password"
                    maxLength={50}
                    name="password"
                    onAnimationStart={[Function]}
                    onBlur={[Function]}
                    onChange={[Function]}
                    onFocus={[Function]}
                    required={true}
                    type="password"
                    value=""
                  />
                  <fieldset
                    aria-hidden={true}
                    className="PrivateNotchedOutline-root-7 MuiOutlinedInput-notchedOutline"
                  >
                    <legend
                      className="PrivateNotchedOutline-legendLabelled-9 PrivateNotchedOutline-legendNotched-10"
                    >
                      <span>
                        Create Password
                         *
                      </span>
                    </legend>
                  </fieldset>
                </div>
                
              </div>
              <div
                className="MuiFormControl-root MuiTextField-root MuiFormControl-marginNormal MuiFormControl-fullWidth"
              >
                <label
                  className="MuiFormLabel-root MuiInputLabel-root MuiInputLabel-formControl MuiInputLabel-animated MuiInputLabel-shrink MuiInputLabel-outlined Mui-required Mui-required"
                  data-shrink={true}
                  htmlFor="firstName"
                  id="firstName-label"
                >
                  First Name
                  <span
                    aria-hidden={true}
                    className="MuiFormLabel-asterisk MuiInputLabel-asterisk"
                  >
                     
                    *
                  </span>
                </label>
                <div
                  className="MuiInputBase-root MuiOutlinedInput-root MuiInputBase-fullWidth MuiInputBase-formControl"
                  onClick={[Function]}
                >
                  <input
                    aria-invalid={false}
                    autoComplete="firstName"
                    autoFocus={false}
                    className="MuiInputBase-input MuiOutlinedInput-input"
                    disabled={false}
                    id="firstName"
                    maxLength={20}
                    name="firstName"
                    onAnimationStart={[Function]}
                    onBlur={[Function]}
                    onChange={[Function]}
                    onFocus={[Function]}
                    required={true}
                    type="firstName"
                    value=""
                  />
                  <fieldset
                    aria-hidden={true}
                    className="PrivateNotchedOutline-root-7 MuiOutlinedInput-notchedOutline"
                  >
                    <legend
                      className="PrivateNotchedOutline-legendLabelled-9 PrivateNotchedOutline-legendNotched-10"
                    >
                      <span>
                        First Name
                         *
                      </span>
                    </legend>
                  </fieldset>
                </div>
                
              </div>
              <div
                className="MuiFormControl-root MuiTextField-root MuiFormControl-marginNormal MuiFormControl-fullWidth"
              >
                <label
                  className="MuiFormLabel-root MuiInputLabel-root MuiInputLabel-formControl MuiInputLabel-animated MuiInputLabel-shrink MuiInputLabel-outlined Mui-required Mui-required"
                  data-shrink={true}
                  htmlFor="lastName"
                  id="lastName-label"
                >
                  Last Name
                  <span
                    aria-hidden={true}
                    className="MuiFormLabel-asterisk MuiInputLabel-asterisk"
                  >
                     
                    *
                  </span>
                </label>
                <div
                  className="MuiInputBase-root MuiOutlinedInput-root MuiInputBase-fullWidth MuiInputBase-formControl"
                  onClick={[Function]}
                >
                  <input
                    aria-invalid={false}
                    autoComplete="lastName"
                    autoFocus={false}
                    className="MuiInputBase-input MuiOutlinedInput-input"
                    disabled={false}
                    id="lastName"
                    maxLength={20}
                    name="lastName"
                    onAnimationStart={[Function]}
                    onBlur={[Function]}
                    onChange={[Function]}
                    onFocus={[Function]}
                    required={true}
                    type="lastName"
                    value=""
                  />
                  <fieldset
                    aria-hidden={true}
                    className="PrivateNotchedOutline-root-7 MuiOutlinedInput-notchedOutline"
                  >
                    <legend
                      className="PrivateNotchedOutline-legendLabelled-9 PrivateNotchedOutline-legendNotched-10"
                    >
                      <span>
                        Last Name
                         *
                      </span>
                    </legend>
                  </fieldset>
                </div>
                
              </div>
              <button
                className="MuiButtonBase-root MuiButton-root MuiButton-contained"
                disabled={false}
                onBlur={[Function]}
                onClick={[Function]}
                onDragLeave={[Function]}
                onFocus={[Function]}
                onKeyDown={[Function]}
                onKeyUp={[Function]}
                onMouseDown={[Function]}
                onMouseLeave={[Function]}
                onMouseUp={[Function]}
                onTouchEnd={[Function]}
                onTouchMove={[Function]}
                onTouchStart={[Function]}
                tabIndex={0}
                type="button"
              >
                <span
                  className="MuiButton-label"
                >
                  Register
                </span>
              </button>
              <p
                className="MuiTypography-root MuiTypography-body1"
              >
                
              </p>
            </form>
            <br />
            <button
              className="MuiButtonBase-root MuiButton-root MuiButton-contained MuiButton-colorInherit"
              disabled={false}
              onBlur={[Function]}
              onDragLeave={[Function]}
              onFocus={[Function]}
              onKeyDown={[Function]}
              onKeyUp={[Function]}
              onMouseDown={[Function]}
              onMouseLeave={[Function]}
              onMouseUp={[Function]}
              onTouchEnd={[Function]}
              onTouchMove={[Function]}
              onTouchStart={[Function]}
              tabIndex={0}
              type="button"
            >
              <span
                className="MuiButton-label"
              >
                <a
                  className="MuiTypography-root MuiLink-root MuiLink-underlineHover MuiTypography-colorInherit"
                  onBlur={[Function]}
                  onClick={[Function]}
                  onFocus={[Function]}
                  style={
                    Object {
                      "cursor": "pointer",
                    }
                  }
                >
                  <p
                    className="MuiTypography-root MuiTypography-body1"
                  >
                    Sign In
                  </p>
                </a>
              </span>
            </button>
          </div>
        </div>
      </div>
    </div>
  </div>
</div>
`;
